Same for 200 tables
Unreferenced files: 0
Referenced files: 1
File references: 1
Partition at root: 100 records in file 1

