Row group 0
Column index for column test-key
Boundary order: ASCENDING
                      null count  min                                       max                                        rep level histogram   def level histogram
page-0                         0  row-001                                   row-100                                                 <none>                <none>

Page index for column test-key
                          offset       compressed size       first row index       unencoded bytes
page-0                         4                   156                     0                   700

Column index for column test-sort
Boundary order: ASCENDING
                      null count  min                                       max                                        rep level histogram   def level histogram
page-0                         0  1                                         100                                                     <none>                <none>

Page index for column test-sort
                          offset       compressed size       first row index       unencoded bytes
page-0                       160                    52                     0                     -

Column index for column test-value
Boundary order: ASCENDING
                      null count  min                                       max                                        rep level histogram   def level histogram
page-0                         0  10                                        1000                                                    <none>                <none>

Page index for column test-value
                          offset       compressed size       first row index       unencoded bytes
page-0                       212                    52                     0                     -

