{
  "tableId": "test-table",
  "jobId": "test-job",
  "inputFiles": [
    "file1",
    "file2"
  ],
  "outputFile": "outputfile",
  "partitionId": "test-partition",
  "iteratorClassName": "sleeper.example.iterator.AgeOffIterator",
  "iteratorConfig": "key,600000"
}