{
  "message": "error",
  "queryId": "test-query",
  "error": "Something went wrong"
}