{
  "parent": {
    "partitionId": "L",
    "isLeafPartition": false,
    "parentPartitionId": "root",
    "childPartitionIds": [
      "LL",
      "LR"
    ],
    "region": {
      "key": {
        "min": "",
        "minInclusive": true,
        "max": "cA\u003d\u003d",
        "maxInclusive": false
      },
      "stringsBase64Encoded": true
    },
    "dimension": 0
  },
  "newChildren": [
    {
      "partitionId": "LL",
      "isLeafPartition": true,
      "parentPartitionId": "L",
      "childPartitionIds": [],
      "region": {
        "key": {
          "min": "",
          "minInclusive": true,
          "max": "Zw\u003d\u003d",
          "maxInclusive": false
        },
        "stringsBase64Encoded": true
      },
      "dimension": -1
    },
    {
      "partitionId": "LR",
      "isLeafPartition": true,
      "parentPartitionId": "L",
      "childPartitionIds": [],
      "region": {
        "key": {
          "min": "Zw\u003d\u003d",
          "minInclusive": true,
          "max": "cA\u003d\u003d",
          "maxInclusive": false
        },
        "stringsBase64Encoded": true
      },
      "dimension": -1
    }
  ]
}