{
  "filenames": [
    "file1.parquet",
    "file2.parquet"
  ]
}