{
  "jobs": [
    {
      "jobId": "job",
      "taskId": "task",
      "jobRunId": "run",
      "inputFiles": [
        "s3a://sleeper-instanceid-table-data/933cd595/data/partition_root/file1.parquet",
        "s3a://sleeper-instanceid-table-data/933cd595/data/partition_root/file2.parquet"
      ],
      "newReference": {
        "filename": "s3a://sleeper-instanceid-table-data/933cd595/data/partition_root/file3.parquet",
        "partitionId": "root",
        "numberOfRows": 100,
        "countApproximate": false,
        "onlyContainsDataForThisPartition": true
      }
    }
  ]
}