{
  "requests": [
    {
      "jobId": "job1",
      "partitionId": "root",
      "filenames": [
        "file1.parquet",
        "file2.parquet"
      ]
    },
    {
      "jobId": "job2",
      "partitionId": "L",
      "filenames": [
        "file3.parquet",
        "file4.parquet"
      ]
    }
  ]
}