{
  "jobs": [
    {
      "jobId": "job",
      "inputFiles": [
        "file1.parquet",
        "file2.parquet"
      ],
      "newReference": {
        "filename": "file3.parquet",
        "partitionId": "root",
        "numberOfRows": 100,
        "countApproximate": false,
        "onlyContainsDataForThisPartition": true
      }
    }
  ]
}