{
  "requests": [
    {
      "oldReference": {
        "filename": "file1.parquet",
        "partitionId": "root",
        "numberOfRecords": 100,
        "countApproximate": false,
        "onlyContainsDataForThisPartition": true
      },
      "newReferences": [
        {
          "filename": "file1.parquet",
          "partitionId": "L",
          "numberOfRecords": 50,
          "countApproximate": true,
          "onlyContainsDataForThisPartition": false
        },
        {
          "filename": "file1.parquet",
          "partitionId": "R",
          "numberOfRecords": 50,
          "countApproximate": true,
          "onlyContainsDataForThisPartition": false
        }
      ]
    },
    {
      "oldReference": {
        "filename": "file2.parquet",
        "partitionId": "L",
        "numberOfRecords": 200,
        "countApproximate": false,
        "onlyContainsDataForThisPartition": true
      },
      "newReferences": [
        {
          "filename": "file2.parquet",
          "partitionId": "LL",
          "numberOfRecords": 100,
          "countApproximate": true,
          "onlyContainsDataForThisPartition": false
        },
        {
          "filename": "file2.parquet",
          "partitionId": "LR",
          "numberOfRecords": 100,
          "countApproximate": true,
          "onlyContainsDataForThisPartition": false
        }
      ]
    }
  ]
}