{
  "tableId": "60b420bb",
  "request": {
    "jobId": "job11111-1111-1111-1111-111111111111",
    "taskId": "task1111-1111-1111-1111-111111111111",
    "jobRunId": "run11111-1111-1111-1111-111111111111",
    "inputFiles": [
      "s3a://sleeper-IIIIIIIIIIIIIIIIIIII-table-data/60b420bb/data/partition_partn000-0000-0000-0000-000000000000/file0000-0000-0000-0000-000000000000.parquet",
      "s3a://sleeper-IIIIIIIIIIIIIIIIIIII-table-data/60b420bb/data/partition_partn000-0000-0000-0000-000000000000/file1111-1111-1111-1111-111111111111.parquet",
      "s3a://sleeper-IIIIIIIIIIIIIIIIIIII-table-data/60b420bb/data/partition_partn000-0000-0000-0000-000000000000/file2222-2222-2222-2222-222222222222.parquet",
      "s3a://sleeper-IIIIIIIIIIIIIIIIIIII-table-data/60b420bb/data/partition_partn000-0000-0000-0000-000000000000/file3333-3333-3333-3333-333333333333.parquet",
      "s3a://sleeper-IIIIIIIIIIIIIIIIIIII-table-data/60b420bb/data/partition_partn000-0000-0000-0000-000000000000/file4444-4444-4444-4444-444444444444.parquet",
      "s3a://sleeper-IIIIIIIIIIIIIIIIIIII-table-data/60b420bb/data/partition_partn000-0000-0000-0000-000000000000/file5555-5555-5555-5555-555555555555.parquet",
      "s3a://sleeper-IIIIIIIIIIIIIIIIIIII-table-data/60b420bb/data/partition_partn000-0000-0000-0000-000000000000/file6666-6666-6666-6666-666666666666.parquet",
      "s3a://sleeper-IIIIIIIIIIIIIIIIIIII-table-data/60b420bb/data/partition_partn000-0000-0000-0000-000000000000/file7777-7777-7777-7777-777777777777.parquet",
      "s3a://sleeper-IIIIIIIIIIIIIIIIIIII-table-data/60b420bb/data/partition_partn000-0000-0000-0000-000000000000/file8888-8888-8888-8888-888888888888.parquet"
    ],
    "newReference": {
      "filename": "file9999-9999-9999-9999-999999999999",
      "partitionId": "partn000-0000-0000-0000-000000000000",
      "numberOfRecords": 200,
      "countApproximate": false,
      "onlyContainsDataForThisPartition": true
    }
  }
}