{
  "tableId": "60b420bb",
  "request": {
    "jobId": "job11111-1111-1111-1111-111111111111",
    "taskId": "task1111-1111-1111-1111-111111111111",
    "jobRunId": "run11111-1111-1111-1111-111111111111",
    "inputFiles": [
      "s3a://sleeper-IIIIIIIIIIIIIIIIIIII-table-data/60b420bb/data/partition_partn000-0000-0000-0000-000000000000/file0000-0000-0000-0000-000000000001.parquet",
      "s3a://sleeper-IIIIIIIIIIIIIIIIIIII-table-data/60b420bb/data/partition_partn000-0000-0000-0000-000000000000/file0000-0000-0000-0000-000000000002.parquet",
      "s3a://sleeper-IIIIIIIIIIIIIIIIIIII-table-data/60b420bb/data/partition_partn000-0000-0000-0000-000000000000/file0000-0000-0000-0000-000000000003.parquet",
      "s3a://sleeper-IIIIIIIIIIIIIIIIIIII-table-data/60b420bb/data/partition_partn000-0000-0000-0000-000000000000/file0000-0000-0000-0000-000000000004.parquet",
      "s3a://sleeper-IIIIIIIIIIIIIIIIIIII-table-data/60b420bb/data/partition_partn000-0000-0000-0000-000000000000/file0000-0000-0000-0000-000000000005.parquet",
      "s3a://sleeper-IIIIIIIIIIIIIIIIIIII-table-data/60b420bb/data/partition_partn000-0000-0000-0000-000000000000/file0000-0000-0000-0000-000000000006.parquet",
      "s3a://sleeper-IIIIIIIIIIIIIIIIIIII-table-data/60b420bb/data/partition_partn000-0000-0000-0000-000000000000/file0000-0000-0000-0000-000000000007.parquet",
      "s3a://sleeper-IIIIIIIIIIIIIIIIIIII-table-data/60b420bb/data/partition_partn000-0000-0000-0000-000000000000/file0000-0000-0000-0000-000000000008.parquet",
      "s3a://sleeper-IIIIIIIIIIIIIIIIIIII-table-data/60b420bb/data/partition_partn000-0000-0000-0000-000000000000/file0000-0000-0000-0000-000000000009.parquet",
      "s3a://sleeper-IIIIIIIIIIIIIIIIIIII-table-data/60b420bb/data/partition_partn000-0000-0000-0000-000000000000/file0000-0000-0000-0000-000000000010.parquet",
      "s3a://sleeper-IIIIIIIIIIIIIIIIIIII-table-data/60b420bb/data/partition_partn000-0000-0000-0000-000000000000/file0000-0000-0000-0000-000000000011.parquet"
    ],
    "newReference": {
      "filename": "s3a://sleeper-IIIIIIIIIIIIIIIIIIII-table-data/60b420bb/data/partition_partn000-0000-0000-0000-000000000000/fileNNNN-NNNN-NNNN-NNNN-NNNNNNNNNNNN.parquet",
      "partitionId": "partn000-0000-0000-0000-000000000000",
      "numberOfRecords": 100000000,
      "countApproximate": false,
      "onlyContainsDataForThisPartition": true
    }
  }
}