Same for 2 tables
Unreferenced files: 0
Referenced files: 1
File references: 1
Partition at root: 10 rows in file 1

