Unreferenced files: 0
Referenced files: 8
File references: 8
Partition at LLL: 12 rows in file 1
Partition at LLR: 13 rows in file 2
Partition at LRL: 12 rows in file 3
Partition at LRR: 13 rows in file 4
Partition at RLL: 12 rows in file 5
Partition at RLR: 13 rows in file 6
Partition at RRL: 12 rows in file 7
Partition at RRR: 13 rows in file 8
