Unreferenced files: 0
Referenced files: 3
File references: 4
Partition at L:
300 rows in file 1
50 rows (approx) in partial file 2
Partition at R:
200 rows in file 3
50 rows (approx) in partial file 2
