Unreferenced files: 2
Referenced files: 0
File references: 0
