Unreferenced files: 0
Referenced files: 2
File references: 4
Partition at L:
50 rows (approx) in partial file 1
50 rows (approx) in partial file 2
Partition at R:
50 rows (approx) in partial file 2
25 rows (approx) in partial file 1
