Unreferenced files: 0
Referenced files: 11
File references: 11
Partition at LLL: 12 rows in file 1
Partition at LLR: 13 rows in file 2
Partition at LRL: 12 rows in file 3
Partition at LRR: 13 rows in file 4
Partition at RLL: 12 rows in file 5
Partition at RLR: 13 rows in file 6
Partition at RRL: 12 rows in file 7
Partition at RRR: 13 rows in file 8
Partition at LL: 25 rows in file 9
Partition at L: 50 rows in file 10
Partition at root: 100 rows in file 11
