Unreferenced files: 0
Referenced files: 11
File references: 11
Partition at LLL: 12 records in file 1
Partition at LLR: 13 records in file 2
Partition at LRL: 12 records in file 3
Partition at LRR: 13 records in file 4
Partition at RLL: 12 records in file 5
Partition at RLR: 13 records in file 6
Partition at RRL: 12 records in file 7
Partition at RRR: 13 records in file 8
Partition at LL: 25 records in file 9
Partition at L: 50 records in file 10
Partition at root: 100 records in file 11
