Unreferenced files: 0
Referenced files: 2
File references: 2
Partition at L:
50 rows in file 1
50 rows (approx) in partial file 2
