Unreferenced files: 2
Referenced files: 1
File references: 1
Partition at L: 10 rows in file 1
