Unreferenced files: 0
Referenced files: 4
File references: 4
Partition at L:
34 rows in file 1 assigned to job 1
12 rows in file 2 assigned to job 1
Partition at R:
78 rows in file 3 assigned to job 2
56 rows in file 4 assigned to job 2
