{
  "tableId": "933cd595",
  "transactionType": "REPLACE_FILE_REFERENCES",
  "bodyKey": "933cd595/statestore/transactions/2025-01-14T15:30:00Z-test-transaction.json"
}
