{
  "tableId": "test-table",
  "type": "REPLACE_FILE_REFERENCES",
  "bodyKey": "test-table/transactions/commit-compaction-transaction.json"
}
