{
  "tableId": "test-table",
  "transactionType": "INITIALISE_PARTITIONS",
  "bodyKey": "test-table/transactions/initialise-transaction.json"
}