{
  "tableId": "test-table",
  "type": "ADD_FILES",
  "bodyKey": "test-table/transactions/add-file-transaction.json"
}
